###############################################################################
#
# IAR ELF Linker V7.70.1.11437/W32 for ARM                07/Mar/2017  18:55:44
# Copyright 2007-2016 IAR Systems AB.
#
#    Output file  =  
#        E:\_27_第十二届智能车\Intelligent_Car\Prj\IAR\FN15_Debug\Exe\vcan_Kinetis.out
#    Map file     =  
#        E:\_27_第十二届智能车\Intelligent_Car\Prj\IAR\FN15_Debug\List\vcan_Kinetis.map
#    Command line =  
#        E:\_27_第十二届智能车\Intelligent_Car\Prj\IAR\FN15_Debug\Obj\diskio.o
#        E:\_27_第十二届智能车\Intelligent_Car\Prj\IAR\FN15_Debug\Obj\ff.o
#        E:\_27_第十二届智能车\Intelligent_Car\Prj\IAR\FN15_Debug\Obj\flashload.o
#        E:\_27_第十二届智能车\Intelligent_Car\Prj\IAR\FN15_Debug\Obj\Font4x6_ASCII.o
#        E:\_27_第十二届智能车\Intelligent_Car\Prj\IAR\FN15_Debug\Obj\Font6x8_ASCII.o
#        E:\_27_第十二届智能车\Intelligent_Car\Prj\IAR\FN15_Debug\Obj\Font8x10_ASCII.o
#        E:\_27_第十二届智能车\Intelligent_Car\Prj\IAR\FN15_Debug\Obj\Font8x8_ASCII.o
#        E:\_27_第十二届智能车\Intelligent_Car\Prj\IAR\FN15_Debug\Obj\IMU_IIC.o
#        E:\_27_第十二届智能车\Intelligent_Car\Prj\IAR\FN15_Debug\Obj\IO_I2C.o
#        E:\_27_第十二届智能车\Intelligent_Car\Prj\IAR\FN15_Debug\Obj\main.o
#        E:\_27_第十二届智能车\Intelligent_Car\Prj\IAR\FN15_Debug\Obj\misc.o
#        E:\_27_第十二届智能车\Intelligent_Car\Prj\IAR\FN15_Debug\Obj\MK60_adc.o
#        E:\_27_第十二届智能车\Intelligent_Car\Prj\IAR\FN15_Debug\Obj\MK60_can.o
#        E:\_27_第十二届智能车\Intelligent_Car\Prj\IAR\FN15_Debug\Obj\MK60_conf.o
#        E:\_27_第十二届智能车\Intelligent_Car\Prj\IAR\FN15_Debug\Obj\MK60_dac.o
#        E:\_27_第十二届智能车\Intelligent_Car\Prj\IAR\FN15_Debug\Obj\MK60_dma.o
#        E:\_27_第十二届智能车\Intelligent_Car\Prj\IAR\FN15_Debug\Obj\MK60_DWT.o
#        E:\_27_第十二届智能车\Intelligent_Car\Prj\IAR\FN15_Debug\Obj\MK60_flash.o
#        E:\_27_第十二届智能车\Intelligent_Car\Prj\IAR\FN15_Debug\Obj\MK60_flexbus.o
#        E:\_27_第十二届智能车\Intelligent_Car\Prj\IAR\FN15_Debug\Obj\MK60_ftm.o
#        E:\_27_第十二届智能车\Intelligent_Car\Prj\IAR\FN15_Debug\Obj\MK60_gpio.o
#        E:\_27_第十二届智能车\Intelligent_Car\Prj\IAR\FN15_Debug\Obj\MK60_it.o
#        E:\_27_第十二届智能车\Intelligent_Car\Prj\IAR\FN15_Debug\Obj\MK60_lptmr.o
#        E:\_27_第十二届智能车\Intelligent_Car\Prj\IAR\FN15_Debug\Obj\MK60_mcg.o
#        E:\_27_第十二届智能车\Intelligent_Car\Prj\IAR\FN15_Debug\Obj\MK60_PIT.o
#        E:\_27_第十二届智能车\Intelligent_Car\Prj\IAR\FN15_Debug\Obj\MK60_port.o
#        E:\_27_第十二届智能车\Intelligent_Car\Prj\IAR\FN15_Debug\Obj\MK60_rtc.o
#        E:\_27_第十二届智能车\Intelligent_Car\Prj\IAR\FN15_Debug\Obj\MK60_spi.o
#        E:\_27_第十二届智能车\Intelligent_Car\Prj\IAR\FN15_Debug\Obj\MK60_SysTick.o
#        E:\_27_第十二届智能车\Intelligent_Car\Prj\IAR\FN15_Debug\Obj\MK60_uart.o
#        E:\_27_第十二届智能车\Intelligent_Car\Prj\IAR\FN15_Debug\Obj\MK60_wdog.o
#        E:\_27_第十二届智能车\Intelligent_Car\Prj\IAR\FN15_Debug\Obj\MMA8451.o
#        E:\_27_第十二届智能车\Intelligent_Car\Prj\IAR\FN15_Debug\Obj\motor_control.o
#        E:\_27_第十二届智能车\Intelligent_Car\Prj\IAR\FN15_Debug\Obj\MPU3050.o
#        E:\_27_第十二届智能车\Intelligent_Car\Prj\IAR\FN15_Debug\Obj\MPU6050.o
#        E:\_27_第十二届智能车\Intelligent_Car\Prj\IAR\FN15_Debug\Obj\OLED.o
#        E:\_27_第十二届智能车\Intelligent_Car\Prj\IAR\FN15_Debug\Obj\parameter.o
#        E:\_27_第十二届智能车\Intelligent_Car\Prj\IAR\FN15_Debug\Obj\sdcard.o
#        E:\_27_第十二届智能车\Intelligent_Car\Prj\IAR\FN15_Debug\Obj\sensor.o
#        E:\_27_第十二届智能车\Intelligent_Car\Prj\IAR\FN15_Debug\Obj\SOLGUI_Common.o
#        E:\_27_第十二届智能车\Intelligent_Car\Prj\IAR\FN15_Debug\Obj\SOLGUI_GBasic.o
#        E:\_27_第十二届智能车\Intelligent_Car\Prj\IAR\FN15_Debug\Obj\SOLGUI_Hardware.o
#        E:\_27_第十二届智能车\Intelligent_Car\Prj\IAR\FN15_Debug\Obj\SOLGUI_Menu.o
#        E:\_27_第十二届智能车\Intelligent_Car\Prj\IAR\FN15_Debug\Obj\SOLGUI_Picture.o
#        E:\_27_第十二届智能车\Intelligent_Car\Prj\IAR\FN15_Debug\Obj\SOLGUI_Printf.o
#        E:\_27_第十二届智能车\Intelligent_Car\Prj\IAR\FN15_Debug\Obj\SOLGUI_Widget.o
#        E:\_27_第十二届智能车\Intelligent_Car\Prj\IAR\FN15_Debug\Obj\startup_MK60DZ10.o
#        E:\_27_第十二届智能车\Intelligent_Car\Prj\IAR\FN15_Debug\Obj\system_MK60DZ10.o
#        E:\_27_第十二届智能车\Intelligent_Car\Prj\IAR\FN15_Debug\Obj\TASK_process.o
#        E:\_27_第十二届智能车\Intelligent_Car\Prj\IAR\FN15_Debug\Obj\VCAN_camera.o
#        E:\_27_第十二届智能车\Intelligent_Car\Prj\IAR\FN15_Debug\Obj\VCAN_computer.o
#        E:\_27_第十二届智能车\Intelligent_Car\Prj\IAR\FN15_Debug\Obj\vcan_img2sd.o
#        E:\_27_第十二届智能车\Intelligent_Car\Prj\IAR\FN15_Debug\Obj\VCAN_key.o
#        E:\_27_第十二届智能车\Intelligent_Car\Prj\IAR\FN15_Debug\Obj\VCAN_LED.o
#        E:\_27_第十二届智能车\Intelligent_Car\Prj\IAR\FN15_Debug\Obj\VCAN_OV7725_Eagle.o
#        E:\_27_第十二届智能车\Intelligent_Car\Prj\IAR\FN15_Debug\Obj\VCAN_OV7725_Wolf.o
#        E:\_27_第十二届智能车\Intelligent_Car\Prj\IAR\FN15_Debug\Obj\VCAN_SCCB.o
#        E:\_27_第十二届智能车\Intelligent_Car\Prj\IAR\FN15_Debug\Obj\vectors.o
#        --redirect _Printf=_PrintfLargeNoMb --redirect _Scanf=_ScanfLargeNoMb
#        -o
#        E:\_27_第十二届智能车\Intelligent_Car\Prj\IAR\FN15_Debug\Exe\vcan_Kinetis.out
#        --map
#        E:\_27_第十二届智能车\Intelligent_Car\Prj\IAR\FN15_Debug\List\vcan_Kinetis.map
#        --config "E:\_27_第十二届智能车\Intelligent_Car\Prj\IAR\config
#        files\vcan_ROM_K60N1M.icf"
#        E:\_27_第十二届智能车\Intelligent_Car\Prj\IAR\..\..\Lib\CMSIS\iar_cortexM4l_math.a
#        --entry __iar_program_start --redirect __write=__write_buffered --vfe
#
###############################################################################

*******************************************************************************
*** RUNTIME MODEL ATTRIBUTES
***

CppFlavor       = *
__SystemLibrary = DLib


*******************************************************************************
*** PLACEMENT SUMMARY
***

"A0":  place at 0x00000000 { ro section .intvec };
"A1":  place at 0x00000410 { ro section .noinit };
"P1":  place in [from 0x00000000 to 0x00100000] { ro, block CodeRelocate };
"P2":  place in [from 0x1fff0410 to 0x20010000] {
          rw, block CodeRelocateRam, block CSTACK, block HEAP };
initialize manually with packing = copy, complex ranges { rw };
initialize manually with packing = copy, complex ranges { section .data };
initialize manually with packing = copy, complex ranges { section .textrw };

  Section              Kind        Address    Size  Object
  -------              ----        -------    ----  ------
"A0":                                        0x410
  .intvec              const    0x00000000   0x410  vectors.o [1]
                              - 0x00000410   0x410

"A1":                                          0x8
  .noinit              ro code  0x00000410     0x8  startup_MK60DZ10.o [1]
                              - 0x00000418     0x8

"P1":                                       0x9894
  Veneer               ro code  0x00000418     0x8  - Linker created -
  .text                ro code  0x00000420  0x111c  main.o [1]
  .text                ro code  0x0000153c    0x24  printf.o [3]
  .text                ro code  0x00001560    0x9c  VCAN_key.o [1]
  .text                ro code  0x000015fc   0x19c  MK60_gpio.o [1]
  .text                ro code  0x00001798    0x64  MK60_SysTick.o [1]
  .text                ro code  0x000017fc   0x2be  OLED.o [1]
  .rodata              const    0x00001aba     0x2  VCAN_computer.o [1]
  .text                ro code  0x00001abc    0xa8  SOLGUI_Common.o [1]
  .text                ro code  0x00001b64   0x11c  motor_control.o [1]
  .text                ro code  0x00001c80   0x1a8  IMU_IIC.o [1]
  .text                ro code  0x00001e28   0x126  MPU3050.o [1]
  .rodata              const    0x00001f4e     0x2  VCAN_computer.o [1]
  .text                ro code  0x00001f50   0x1fe  MMA8451.o [1]
  .rodata              const    0x0000214e     0x1  sensor.o [1]
  .text                ro code  0x00002150    0xb8  MK60_port.o [1]
  .text                ro code  0x00002208    0xd8  parameter.o [1]
  .text                ro code  0x000022e0   0x1a8  sdcard.o [1]
  .text                ro code  0x00002488   0x234  VCAN_OV7725_Eagle.o [1]
  .text                ro code  0x000026bc    0x50  misc.o [1]
  .text                ro code  0x0000270c    0x7c  MK60_PIT.o [1]
  .text                ro code  0x00002788   0x71c  SOLGUI_Menu.o [1]
  .text                ro code  0x00002ea4    0x40  VCAN_computer.o [1]
  .text                ro code  0x00002ee4   0xbec  TASK_process.o [1]
  .text                ro code  0x00003ad0    0x30  I32ToDbl.o [4]
  .text                ro code  0x00003b00   0x1a2  DblMul.o [4]
  .text                ro code  0x00003ca4    0xe8  DblAdd.o [4]
  .text                ro code  0x00003d8c    0x90  DblToFlt.o [4]
  .text                ro code  0x00003e1c    0x4e  FltToDbl.o [4]
  .text                ro code  0x00003e6c   0x256  DblDiv.o [4]
  .text                ro code  0x000040c4    0x2e  DblCmpLe.o [4]
  .text                ro code  0x000040f4    0x2e  DblCmpGe.o [4]
  .text                ro code  0x00004124   0xc12  xprintflarge_nomb.o [3]
  Veneer               ro code  0x00004d38     0x8  - Linker created -
  .text                ro code  0x00004d40   0x144  MK60_conf.o [1]
  .text                ro code  0x00004e84    0x14  SOLGUI_Hardware.o [1]
  .text                ro code  0x00004e98    0x66  ABImemset.o [5]
  .text                ro code  0x00004f00   0x5e8  MK60_ftm.o [1]
  .text                ro code  0x000054e8    0x58  DblToI32.o [4]
  Veneer               ro code  0x00005540     0x8  - Linker created -
  .text                ro code  0x00005548    0x60  flashload.o [1]
  .text                ro code  0x000055a8   0x350  MK60_spi.o [1]
  .text                ro code  0x000058f8   0x244  MK60_dma.o [1]
  .text                ro code  0x00005b3c   0x362  VCAN_SCCB.o [1]
  .text                ro code  0x00005ea0   0xab4  SOLGUI_Widget.o [1]
  .text                ro code  0x00006954    0x36  strlen.o [5]
  .text                ro code  0x0000698c   0x728  SOLGUI_Printf.o [1]
  .text                ro code  0x000070b4   0x288  SOLGUI_GBasic.o [1]
  .text                ro code  0x0000733c   0x26c  MK60_uart.o [1]
  .text                ro code  0x000075a8   0x4c8  sensor.o [1]
  .text                ro code  0x00007a70   0x180  DblSub.o [4]
  .text                ro code  0x00007bf0    0x16  strchr.o [5]
  .text                ro code  0x00007c08    0x58  memchr.o [5]
  .text                ro code  0x00007c60    0xee  I64DivMod.o [5]
  .text                ro code  0x00007d50    0x76  ABImemcpy_unaligned.o [5]
  .text                ro code  0x00007dc6    0x44  xdnorm.o [4]
  .text                ro code  0x00007e0c    0x6c  localeconv.o [3]
  .text                ro code  0x00007e78     0xe  div.o [3]
  .text                ro code  0x00007e88    0x70  VCAN_LED.o [1]
  .text                ro code  0x00007ef8     0x8  abs.o [3]
  .text                ro code  0x00007f00    0x5c  asinf.o [4]
  .text                ro code  0x00007f5c     0x2  I64DivZer.o [5]
  .text                ro code  0x00007f5e     0x2  xtls.o [3]
  .text                ro code  0x00007f60    0xa4  xatanf.o [4]
  .text                ro code  0x00008004     0xc  iarEdom.o [5]
  .text                ro code  0x00008010     0xc  errno.o [3]
  .data_init                    0x0000801c   0x8fc  <Block>
    Initializer bytes  const    0x0000801c   0x8fc  <for .data-1>
  Veneer               ro code  0x00008918     0x8  - Linker created -
  .text                ro code  0x00008920   0x3d4  MK60_mcg.o [1]
  .rodata              const    0x00008cf4   0x350  Font6x8_ASCII.o [1]
  .rodata              const    0x00009044   0x1e0  OLED.o [1]
  CodeRelocate                  0x00009224   0x1f0  <Block>
    Initializer bytes  const    0x00009224   0x1f0  <for CodeRelocateRam-1>
  .text                ro code  0x00009414   0x130  system_MK60DZ10.o [1]
  .text                ro code  0x00009544    0x40  MK60_wdog.o [1]
  .rodata              const    0x00009584    0x40  MK60_spi.o [1]
  .rodata              const    0x000095c4    0x40  MK60_SysTick.o [1]
  .text                ro code  0x00009604    0x40  zero_init3.o [5]
  .rodata              const    0x00009644    0x3c  MK60_conf.o [1]
  .rodata              const    0x00009680    0x3c  MK60_dma.o [1]
  .rodata              const    0x000096bc    0x3c  MK60_flash.o [1]
  .rodata              const    0x000096f8    0x3c  MK60_ftm.o [1]
  .rodata              const    0x00009734    0x3c  MK60_gpio.o [1]
  .rodata              const    0x00009770    0x3c  MK60_PIT.o [1]
  .rodata              const    0x000097ac    0x3c  MK60_spi.o [1]
  .rodata              const    0x000097e8    0x3c  MK60_uart.o [1]
  .rodata              const    0x00009824    0x38  misc.o [1]
  .text                ro code  0x0000985c    0x28  data_init.o [5]
  .rodata              const    0x00009884    0x24  MK60_conf.o [1]
  .rodata              const    0x000098a8    0x24  VCAN_OV7725_Eagle.o [1]
  .rodata              const    0x000098cc    0x24  VCAN_OV7725_Eagle.o [1]
  .text                ro code  0x000098f0    0x22  fpinit_M.o [4]
  .iar.init_table      const    0x00009914    0x10  - Linker created -
  .rodata              const    0x00009924    0x20  MK60_conf.o [1]
  .rodata              const    0x00009944    0x20  VCAN_OV7725_Eagle.o [1]
  .rodata              const    0x00009964    0x1c  main.o [1]
  .text                ro code  0x00009980    0x1a  cmain.o [5]
  .text                ro code  0x0000999a     0x4  low_level_init.o [3]
  .text                ro code  0x0000999e     0x4  exit.o [3]
  .text                ro code  0x000099a4     0xa  cexit.o [5]
  .text                ro code  0x000099b0     0xc  XXexit.o [5]
  .rodata              const    0x000099bc    0x18  main.o [1]
  .rodata              const    0x000099d4    0x18  main.o [1]
  .rodata              const    0x000099ec    0x18  VCAN_OV7725_Eagle.o [1]
  .rodata              const    0x00009a04    0x18  VCAN_OV7725_Eagle.o [1]
  .text                ro code  0x00009a1c    0x16  xprout.o [3]
  .text                ro code  0x00009a34     0xc  putchar.o [3]
  .rodata              const    0x00009a40    0x14  main.o [1]
  .rodata              const    0x00009a54    0x14  main.o [1]
  .rodata              const    0x00009a68    0x14  main.o [1]
  .rodata              const    0x00009a7c    0x14  main.o [1]
  .rodata              const    0x00009a90    0x14  main.o [1]
  .rodata              const    0x00009aa4    0x14  MK60_conf.o [1]
  .rodata              const    0x00009ab8    0x14  VCAN_OV7725_Eagle.o [1]
  .rodata              const    0x00009acc    0x10  main.o [1]
  .rodata              const    0x00009adc    0x10  main.o [1]
  .rodata              const    0x00009aec    0x10  main.o [1]
  .rodata              const    0x00009afc    0x10  main.o [1]
  .rodata              const    0x00009b0c    0x10  main.o [1]
  .rodata              const    0x00009b1c    0x10  main.o [1]
  .rodata              const    0x00009b2c    0x10  main.o [1]
  .rodata              const    0x00009b3c    0x10  SOLGUI_Menu.o [1]
  .rodata              const    0x00009b4c    0x10  SOLGUI_Menu.o [1]
  .rodata              const    0x00009b5c    0x10  SOLGUI_Menu.o [1]
  .rodata              const    0x00009b6c     0xc  SOLGUI_Menu.o [1]
  .rodata              const    0x00009b78     0xc  SOLGUI_Menu.o [1]
  .rodata              const    0x00009b84     0xc  SOLGUI_Menu.o [1]
  .rodata              const    0x00009b90     0xc  SOLGUI_Menu.o [1]
  .rodata              const    0x00009b9c     0xc  SOLGUI_Menu.o [1]
  .text                ro code  0x00009ba8     0xc  cstartup_M.o [5]
  .rodata              const    0x00009bb4     0x8  main.o [1]
  .rodata              const    0x00009bbc     0x8  SOLGUI_Menu.o [1]
  .rodata              const    0x00009bc4     0x8  SOLGUI_Menu.o [1]
  .rodata              const    0x00009bcc     0x8  SOLGUI_Menu.o [1]
  .rodata              const    0x00009bd4     0x8  SOLGUI_Menu.o [1]
  .rodata              const    0x00009bdc     0x8  SOLGUI_Menu.o [1]
  .rodata              const    0x00009be4     0x8  SOLGUI_Menu.o [1]
  .rodata              const    0x00009bec     0x8  SOLGUI_Menu.o [1]
  .rodata              const    0x00009bf4     0x8  SOLGUI_Menu.o [1]
  .rodata              const    0x00009bfc     0x8  SOLGUI_Menu.o [1]
  .rodata              const    0x00009c04     0x8  SOLGUI_Menu.o [1]
  .rodata              const    0x00009c0c     0x8  SOLGUI_Menu.o [1]
  .rodata              const    0x00009c14     0x8  SOLGUI_Widget.o [1]
  .rodata              const    0x00009c1c     0x4  MK60_spi.o [1]
  .rodata              const    0x00009c20     0x0  zero_init3.o [5]
  Initializer bytes    const    0x00009c20    0x8c  <for P2 s0>
                              - 0x00009cac  0x9894

"P2", part 1 of 3:                           0xaec
  .data                         0x1fff0410   0x8fc  <Block>
    .data-1                     0x1fff0410   0x8fb  <Init block>
      .data            inited   0x1fff0410     0x4  main.o [1]
      .data            inited   0x1fff0414     0x4  main.o [1]
      .data            inited   0x1fff0418   0x708  MK60_conf.o [1]
      .data            inited   0x1fff0b20    0x10  MK60_ftm.o [1]
      .data            inited   0x1fff0b30    0x14  MK60_gpio.o [1]
      .data            inited   0x1fff0b44    0x58  MK60_mcg.o [1]
      .data            inited   0x1fff0b9c     0x4  MK60_mcg.o [1]
      .data            inited   0x1fff0ba0    0x14  MK60_port.o [1]
      .data            inited   0x1fff0bb4     0xc  MK60_spi.o [1]
      .data            inited   0x1fff0bc0    0x18  MK60_uart.o [1]
      .data            inited   0x1fff0bd8     0x4  sensor.o [1]
      .data            inited   0x1fff0bdc     0x4  sensor.o [1]
      .data            inited   0x1fff0be0     0x4  sensor.o [1]
      .data            inited   0x1fff0be4     0x4  sensor.o [1]
      .data            inited   0x1fff0be8     0x4  sensor.o [1]
      .data            inited   0x1fff0bec    0x10  sensor.o [1]
      .data            inited   0x1fff0bfc     0xc  SOLGUI_Menu.o [1]
      .data            inited   0x1fff0c08     0xc  SOLGUI_Menu.o [1]
      .data            inited   0x1fff0c14     0xc  SOLGUI_Menu.o [1]
      .data            inited   0x1fff0c20     0xc  SOLGUI_Menu.o [1]
      .data            inited   0x1fff0c2c     0x8  SOLGUI_Printf.o [1]
      .data            inited   0x1fff0c34     0x4  SOLGUI_Widget.o [1]
      .data            inited   0x1fff0c38     0x4  TASK_process.o [1]
      .data            inited   0x1fff0c3c     0x4  TASK_process.o [1]
      .data            inited   0x1fff0c40     0x4  TASK_process.o [1]
      .data            inited   0x1fff0c44     0x4  TASK_process.o [1]
      .data            inited   0x1fff0c48     0x4  TASK_process.o [1]
      .data            inited   0x1fff0c4c     0x4  TASK_process.o [1]
      .data            inited   0x1fff0c50     0x4  TASK_process.o [1]
      .data            inited   0x1fff0c54     0x4  TASK_process.o [1]
      .data            inited   0x1fff0c58     0x8  VCAN_key.o [1]
      .data            inited   0x1fff0c60     0x4  VCAN_LED.o [1]
      .data            inited   0x1fff0c64    0x64  VCAN_OV7725_Eagle.o [1]
      .data            inited   0x1fff0cc8    0x40  xfiles.o [3]
      .data            inited   0x1fff0d08     0x1  SOLGUI_Menu.o [1]
      .data            inited   0x1fff0d09     0x1  VCAN_OV7725_Eagle.o [1]
      .data            inited   0x1fff0d0a     0x1  VCAN_OV7725_Eagle.o [1]
  CodeRelocateRam               0x1fff0d0c   0x1f0  <Block>
    CodeRelocateRam-1           0x1fff0d0c   0x1f0  <Init block>
      Veneer           inited   0x1fff0d0c     0x8  - Linker created -
      Veneer           inited   0x1fff0d14     0x8  - Linker created -
      .textrw          inited   0x1fff0d1c   0x190  MK60_flash.o [1]
      .textrw          inited   0x1fff0eac    0x50  MK60_mcg.o [1]
                              - 0x1fff0efc   0xaec

"P2", part 2 of 3:                          0x586c
  .bss                          0x1fff0efc  0x586c  <Block>
    .bss               zero     0x1fff0efc    0x50  flashload.o [1]
    .bss               zero     0x1fff0f4c   0x258  main.o [1]
    .bss               zero     0x1fff11a4    0x20  main.o [1]
    .bss               zero     0x1fff11c4     0x4  main.o [1]
    .bss               zero     0x1fff11c8  0x4b00  main.o [1]
    .bss               zero     0x1fff5cc8    0xf0  main.o [1]
    .bss               zero     0x1fff5db8     0x4  main.o [1]
    .bss               zero     0x1fff5dbc    0xf0  main.o [1]
    .bss               zero     0x1fff5eac     0x4  main.o [1]
    .bss               zero     0x1fff5eb0     0x4  main.o [1]
    .bss               zero     0x1fff5eb4    0xf0  main.o [1]
    .bss               zero     0x1fff5fa4     0x4  main.o [1]
    .bss               zero     0x1fff5fa8     0x4  main.o [1]
    .bss               zero     0x1fff5fac     0x4  main.o [1]
    .bss               zero     0x1fff5fb0     0x4  main.o [1]
    .bss               zero     0x1fff5fb4     0x4  main.o [1]
    .bss               zero     0x1fff5fb8     0x4  main.o [1]
    .bss               zero     0x1fff5fbc    0xf0  main.o [1]
    .bss               zero     0x1fff60ac    0xf0  main.o [1]
    .bss               zero     0x1fff619c     0x4  main.o [1]
    .bss               zero     0x1fff61a0     0x4  main.o [1]
    .bss               zero     0x1fff61a4     0x4  main.o [1]
    .bss               zero     0x1fff61a8     0x4  main.o [1]
    .bss               zero     0x1fff61ac    0x10  MK60_ftm.o [1]
    .bss               zero     0x1fff61bc     0xc  sensor.o [1]
    .bss               zero     0x1fff61c8     0xc  sensor.o [1]
    .bss               zero     0x1fff61d4     0x4  sensor.o [1]
    .bss               zero     0x1fff61d8     0x4  sensor.o [1]
    .bss               zero     0x1fff61dc     0x4  sensor.o [1]
    .bss               zero     0x1fff61e0    0x28  sensor.o [1]
    .bss               zero     0x1fff6208     0x4  sensor.o [1]
    .bss               zero     0x1fff620c     0x4  sensor.o [1]
    .bss               zero     0x1fff6210     0x4  sensor.o [1]
    .bss               zero     0x1fff6214     0x4  sensor.o [1]
    .bss               zero     0x1fff6218     0x4  sensor.o [1]
    .bss               zero     0x1fff621c    0x10  sensor.o [1]
    .bss               zero     0x1fff622c     0x4  sensor.o [1]
    .bss               zero     0x1fff6230     0x4  sensor.o [1]
    .bss               zero     0x1fff6234     0x4  sensor.o [1]
    .bss               zero     0x1fff6238     0x4  sensor.o [1]
    .bss               zero     0x1fff623c     0x4  sensor.o [1]
    .bss               zero     0x1fff6240     0x4  sensor.o [1]
    .bss               zero     0x1fff6244     0x4  sensor.o [1]
    .bss               zero     0x1fff6248     0x4  sensor.o [1]
    .bss               zero     0x1fff624c     0x4  sensor.o [1]
    .bss               zero     0x1fff6250   0x400  SOLGUI_Common.o [1]
    .bss               zero     0x1fff6650     0x4  SOLGUI_Menu.o [1]
    .bss               zero     0x1fff6654     0x8  SOLGUI_Menu.o [1]
    .bss               zero     0x1fff665c     0xc  SOLGUI_Widget.o [1]
    .bss               zero     0x1fff6668    0x10  SOLGUI_Widget.o [1]
    .bss               zero     0x1fff6678     0x4  system_MK60DZ10.o [1]
    .bss               zero     0x1fff667c     0x4  system_MK60DZ10.o [1]
    .bss               zero     0x1fff6680     0x4  system_MK60DZ10.o [1]
    .bss               zero     0x1fff6684     0x4  TASK_process.o [1]
    .bss               zero     0x1fff6688     0x4  TASK_process.o [1]
    .bss               zero     0x1fff668c     0x4  TASK_process.o [1]
    .bss               zero     0x1fff6690     0x4  TASK_process.o [1]
    .bss               zero     0x1fff6694     0x4  TASK_process.o [1]
    .bss               zero     0x1fff6698     0x4  TASK_process.o [1]
    .bss               zero     0x1fff669c     0x4  TASK_process.o [1]
    .bss               zero     0x1fff66a0     0x4  TASK_process.o [1]
    .bss               zero     0x1fff66a4     0x4  TASK_process.o [1]
    .bss               zero     0x1fff66a8     0x4  TASK_process.o [1]
    .bss               zero     0x1fff66ac     0x4  TASK_process.o [1]
    .bss               zero     0x1fff66b0     0x4  TASK_process.o [1]
    .bss               zero     0x1fff66b4     0x4  TASK_process.o [1]
    .bss               zero     0x1fff66b8     0x4  TASK_process.o [1]
    .bss               zero     0x1fff66bc     0x4  TASK_process.o [1]
    .bss               zero     0x1fff66c0     0x4  TASK_process.o [1]
    .bss               zero     0x1fff66c4     0x4  TASK_process.o [1]
    .bss               zero     0x1fff66c8     0x4  TASK_process.o [1]
    .bss               zero     0x1fff66cc     0x4  TASK_process.o [1]
    .bss               zero     0x1fff66d0     0x4  TASK_process.o [1]
    .bss               zero     0x1fff66d4     0x4  TASK_process.o [1]
    .bss               zero     0x1fff66d8     0x4  TASK_process.o [1]
    .bss               zero     0x1fff66dc     0x4  TASK_process.o [1]
    .bss               zero     0x1fff66e0     0x4  TASK_process.o [1]
    .bss               zero     0x1fff66e4     0x4  TASK_process.o [1]
    .bss               zero     0x1fff66e8     0x4  TASK_process.o [1]
    .bss               zero     0x1fff66ec     0x4  TASK_process.o [1]
    .bss               zero     0x1fff66f0     0x4  TASK_process.o [1]
    .bss               zero     0x1fff66f4     0x4  TASK_process.o [1]
    .bss               zero     0x1fff66f8     0x4  TASK_process.o [1]
    .bss               zero     0x1fff66fc     0x4  TASK_process.o [1]
    .bss               zero     0x1fff6700     0x4  VCAN_OV7725_Eagle.o [1]
    .bss               zero     0x1fff6704    0x50  xfiles.o [3]
    .bss               zero     0x1fff6754     0x2  motor_control.o [1]
    .bss               zero     0x1fff6756     0x2  motor_control.o [1]
    .bss               zero     0x1fff6758     0x2  TASK_process.o [1]
    .bss               zero     0x1fff675a     0x2  TASK_process.o [1]
    .bss               zero     0x1fff675c     0x2  TASK_process.o [1]
    .bss               zero     0x1fff675e     0x2  TASK_process.o [1]
    .bss               zero     0x1fff6760     0x2  TASK_process.o [1]
    .bss               zero     0x1fff6762     0x1  main.o [1]
    .bss               zero     0x1fff6763     0x1  sdcard.o [1]
    .bss               zero     0x1fff6764     0x1  sdcard.o [1]
    .bss               zero     0x1fff6765     0x1  SOLGUI_Menu.o [1]
    .bss               zero     0x1fff6766     0x1  SOLGUI_Menu.o [1]
    .bss               zero     0x1fff6767     0x1  SOLGUI_Widget.o [1]
                              - 0x1fff6768  0x586c

"P2", part 3 of 3:                            0x8c
  P2 s0                         0x1fff6768    0x8c  <Init block>
    __DLIB_PERTHREAD   inited   0x1fff6768    0x88  localeconv.o [3]
    __DLIB_PERTHREAD   inited   0x1fff67f0     0x4  errno.o [3]
                              - 0x1fff67f4    0x8c


*******************************************************************************
*** INIT TABLE
***

          Address     Size
          -------     ----
Zero (__iar_zero_init3)
    1 destination range, total size 0x586c:
          0x1fff0efc  0x586c



*******************************************************************************
*** MODULE SUMMARY
***

    Module                 ro code  rw code  ro data  rw data
    ------                 -------  -------  -------  -------
E:\_27_第十二届智能车\Intelligent_Car\Prj\IAR\FN15_Debug\Obj: [1]
    Font6x8_ASCII.o                              848
    IMU_IIC.o                  424
    MK60_PIT.o                 124                60
    MK60_SysTick.o             100                64
    MK60_conf.o                324             1 948    1 800
    MK60_dma.o                 580                60
    MK60_flash.o                        400      460
    MK60_ftm.o               1 512                76       32
    MK60_gpio.o                412                80       20
    MK60_mcg.o                 980       80      172       92
    MK60_port.o                184                20       20
    MK60_spi.o                 848               140       12
    MK60_uart.o                620                84       24
    MK60_wdog.o                 64
    MMA8451.o                  510
    MPU3050.o                  294
    OLED.o                     702               480
    SOLGUI_Common.o            168                      1 024
    SOLGUI_GBasic.o            648
    SOLGUI_Hardware.o           20
    SOLGUI_Menu.o            1 820               245       63
    SOLGUI_Printf.o          1 832                 8        8
    SOLGUI_Widget.o          2 740                12       33
    TASK_process.o           3 052                32      166
    VCAN_LED.o                 112                 4        4
    VCAN_OV7725_Eagle.o        564               274      106
    VCAN_SCCB.o                866
    VCAN_computer.o             64                 4
    VCAN_key.o                 156                 8        8
    flashload.o                 96                         80
    main.o                   4 380               304   21 097
    misc.o                      80                56
    motor_control.o            284                          4
    parameter.o                216
    sdcard.o                   424                          2
    sensor.o                 1 224                37      184
    startup_MK60DZ10.o           8
    system_MK60DZ10.o          304                         12
    vectors.o                                  1 040
    ---------------------------------------------------------
    Total:                  26 736      480    6 516   24 791

command line: [2]
    ---------------------------------------------------------
    Total:

dl7M_tlf.a: [3]
    abs.o                        8
    div.o                       14
    errno.o                     12                 4        4
    exit.o                       4
    localeconv.o               108               136      136
    low_level_init.o             4
    printf.o                    36
    putchar.o                   12
    xfiles.o                                      64      144
    xprintflarge_nomb.o      3 090
    xprout.o                    22
    xtls.o                       2
    ---------------------------------------------------------
    Total:                   3 312               204      284

m7M_tls.a: [4]
    DblAdd.o                   232
    DblCmpGe.o                  46
    DblCmpLe.o                  46
    DblDiv.o                   598
    DblMul.o                   418
    DblSub.o                   384
    DblToFlt.o                 144
    DblToI32.o                  88
    FltToDbl.o                  78
    I32ToDbl.o                  48
    asinf.o                     92
    fpinit_M.o                  34
    xatanf.o                   164
    xdnorm.o                    68
    ---------------------------------------------------------
    Total:                   2 440

rt7M_tl.a: [5]
    ABImemcpy_unaligned.o      118
    ABImemset.o                102
    I64DivMod.o                238
    I64DivZer.o                  2
    XXexit.o                    12
    cexit.o                     10
    cmain.o                     26
    cstartup_M.o                12
    data_init.o                 40
    iarEdom.o                   12
    memchr.o                    88
    strchr.o                    22
    strlen.o                    54
    zero_init3.o                64
    ---------------------------------------------------------
    Total:                     800

    Gaps                        33                 2
    Linker created              32       16       33
-------------------------------------------------------------
    Grand Total:            33 353      496    6 755   25 075


*******************************************************************************
*** ENTRY LIST
***

Entry                      Address    Size  Type      Object
-----                      -------    ----  ----      ------
.bss$$Base              0x1fff0efc           --   Gb  - Linker created -
.bss$$Limit             0x1fff6768           --   Gb  - Linker created -
.data$$Base             0x1fff0410           --   Gb  - Linker created -
.data$$Limit            0x1fff0d0c           --   Gb  - Linker created -
.data_init$$Base        0x0000801c           --   Gb  - Linker created -
.data_init$$Limit       0x00008918           --   Gb  - Linker created -
.iar.init_table$$Base   0x00009914           --   Gb  - Linker created -
.iar.init_table$$Limit  0x00009924           --   Gb  - Linker created -
?main                   0x00009981          Code  Gb  cmain.o [5]
A                       0x1fff5eac     0x4  Data  Gb  main.o [1]
ASSERT_FAILED_STR       0x00009884    0x24  Data  Gb  MK60_conf.o [1]
A_out                   0x1fff619c     0x4  Data  Gb  main.o [1]
AngleControl            0x00003035   0x29a  Code  Gb  TASK_process.o [1]
AngleControl::String_Angle_Integral
                        0x1fff66f8     0x4  Data  Lc  TASK_process.o [1]
AngleControl::String_Gyro_Integral
                        0x1fff66fc     0x4  Data  Lc  TASK_process.o [1]
AngleControlOut         0x1fff66ec     0x4  Data  Gb  TASK_process.o [1]
Angle_fDelta            0x1fff66d0     0x4  Data  Gb  TASK_process.o [1]
Angle_fDelta_Old        0x1fff66d4     0x4  Data  Gb  TASK_process.o [1]
Angular_Velocity_X      0x1fff66c4     0x4  Data  Gb  TASK_process.o [1]
Angular_Velocity_Y      0x1fff61d8     0x4  Data  Gb  sensor.o [1]
B                       0x1fff5eb0     0x4  Data  Gb  main.o [1]
B_out                   0x1fff61a0     0x4  Data  Gb  main.o [1]
Balance_Sensor_Calculate
                        0x000075a9   0x1e4  Code  Gb  sensor.o [1]
Begin_CarSpeed          0x1fff6694     0x4  Data  Gb  TASK_process.o [1]
C_0                     0x0000214e     0x1  Data  Gb  sensor.o [1]
CarAngle                0x1fff61dc     0x4  Data  Gb  sensor.o [1]
CarAngle_Set            0x1fff0c54     0x4  Data  Gb  TASK_process.o [1]
CarAngle_record         0x1fff61e0    0x28  Data  Gb  sensor.o [1]
CarSpeed                0x1fff6688     0x4  Data  Gb  TASK_process.o [1]
CarSpeed_Exert          0x1fff6690     0x4  Data  Gb  TASK_process.o [1]
Car_Control_Process     0x00002ee5   0x150  Code  Gb  TASK_process.o [1]
CodeRelocate$$Base      0x00009224           --   Gb  - Linker created -
CodeRelocate$$Limit     0x00009414           --   Gb  - Linker created -
CodeRelocateRam$$Base   0x1fff0d0c           --   Gb  - Linker created -
CodeRelocateRam$$Limit  0x1fff0efc           --   Gb  - Linker created -
DIRECTION_CONTROL_D     0x1fff66cc     0x4  Data  Gb  TASK_process.o [1]
DIRECTION_CONTROL_P     0x1fff66c8     0x4  Data  Gb  TASK_process.o [1]
DMA0_IRQHandler         0x000007d1     0x8  Code  Gb  main.o [1]
DirectionControl        0x00003605   0x28a  Code  Gb  TASK_process.o [1]
DirectionControlCount   0x1fff675e     0x2  Data  Gb  TASK_process.o [1]
DirectionControlOut     0x1fff66a8     0x4  Data  Gb  TASK_process.o [1]
DirectionControlOutNew  0x1fff66b0     0x4  Data  Gb  TASK_process.o [1]
DirectionControlOutOld  0x1fff66ac     0x4  Data  Gb  TASK_process.o [1]
DirectionControlOutput  0x00003891    0x40  Code  Gb  TASK_process.o [1]
DirectionControlPeriod  0x1fff6760     0x2  Data  Gb  TASK_process.o [1]
Draw_LibLogo            0x00001a31    0x38  Code  Gb  OLED.o [1]
E                       0x1fff623c     0x4  Data  Gb  sensor.o [1]
Encoder_Init            0x00001c3d    0x10  Code  Gb  motor_control.o [1]
FIFO_DeQueue            0x00002c59    0x38  Code  Gb  SOLGUI_Menu.o [1]
FIFO_EnQueue            0x00002c27    0x22  Code  Gb  SOLGUI_Menu.o [1]
FIFO_Init               0x00002c07    0x20  Code  Gb  SOLGUI_Menu.o [1]
FTMN                    0x1fff0b20    0x10  Data  Gb  MK60_ftm.o [1]
FTM_port_mux            0x00004f01   0x1ac  Code  Lc  MK60_ftm.o [1]
GPIOX                   0x1fff0b30    0x14  Data  Gb  MK60_gpio.o [1]
GYROSCOPE_RATIO         0x1fff0bd8     0x4  Data  Gb  sensor.o [1]
GetMotorPulse           0x00001c4d    0x26  Code  Gb  motor_control.o [1]
GravityAngle            0x1fff61d4     0x4  Data  Gb  sensor.o [1]
Gyro_fDelta             0x1fff66d8     0x4  Data  Gb  TASK_process.o [1]
Gyro_fDelta_Old         0x1fff66dc     0x4  Data  Gb  TASK_process.o [1]
IIC_start               0x00001ccb    0x3a  Code  Gb  IMU_IIC.o [1]
IIC_stop                0x00001d05    0x3a  Code  Gb  IMU_IIC.o [1]
IMU_IIC_Init            0x00001ca3    0x28  Code  Gb  IMU_IIC.o [1]
I_Lastgyro              0x1fff66c0     0x4  Data  Gb  TASK_process.o [1]
I_pre_Lastgyro          0x1fff66bc     0x4  Data  Gb  TASK_process.o [1]
KEY_PTxn                0x1fff0c58     0x8  Data  Gb  VCAN_key.o [1]
K_0                     0x1fff6240     0x4  Data  Gb  sensor.o [1]
K_1                     0x1fff6244     0x4  Data  Gb  sensor.o [1]
Kalman_Filter           0x00007795   0x25e  Code  Gb  sensor.o [1]
LED_PTxn                0x1fff0c60     0x4  Data  Gb  VCAN_LED.o [1]
LIBLOGO60x58            0x00009044   0x1e0  Data  Gb  OLED.o [1]
Lastgyro                0x1fff620c     0x4  Data  Gb  sensor.o [1]
LeftMotorOut            0x1fff66f0     0x4  Data  Gb  TASK_process.o [1]
LeftMotorPulseSigma     0x1fff6754     0x2  Data  Gb  motor_control.o [1]
Left_Motor_Control      0x00001bef    0x4e  Code  Gb  motor_control.o [1]
LineFitting             0x000013fd    0xe2  Code  Gb  main.o [1]
LoadInt                 0x000046b9    0x6e  Code  Lc  xprintflarge_nomb.o [3]
MMA8451_GetResult       0x00002025    0xa6  Code  Gb  MMA8451.o [1]
MMA8451_Init            0x000020f9    0x3e  Code  Gb  MMA8451.o [1]
MMA8451_readbyte        0x00001f51    0x30  Code  Gb  MMA8451.o [1]
MMA8451_writebyte       0x00001f81    0x26  Code  Gb  MMA8451.o [1]
MPU3050_GetResult       0x00001e7f    0x68  Code  Gb  MPU3050.o [1]
MPU3050_Init            0x00001eed    0x4a  Code  Gb  MPU3050.o [1]
MPU3050_readbyte        0x00001e29    0x30  Code  Gb  MPU3050.o [1]
MPU3050_writebyte       0x00001e59    0x26  Code  Gb  MPU3050.o [1]
MotorOutput             0x000038d9    0xda  Code  Gb  TASK_process.o [1]
Motor_PWM_init          0x00001b65    0x3c  Code  Gb  motor_control.o [1]
NVIC_DisableIRQ         0x0000249d    0x14  Code  Lc  VCAN_OV7725_Eagle.o [1]
NVIC_EnableIRQ          0x00000445    0x16  Code  Lc  main.o [1]
NVIC_EnableIRQ          0x00002489    0x14  Code  Lc  VCAN_OV7725_Eagle.o [1]
NVIC_SetPriority        0x0000045b    0x2a  Code  Lc  main.o [1]
NVIC_SetPriorityGrouping
                        0x00000421    0x24  Code  Lc  main.o [1]
NVIC_SystemReset        0x00004d41    0x1a  Code  Lc  MK60_conf.o [1]
OLED_DLY_ms             0x00001903    0x1c  Code  Gb  OLED.o [1]
OLED_Fill               0x000018c3    0x40  Code  Gb  OLED.o [1]
OLED_Init               0x0000191f   0x112  Code  Gb  OLED.o [1]
OLED_Set_Pos            0x00001893    0x30  Code  Gb  OLED.o [1]
OLED_WrCmd              0x00001849    0x4a  Code  Gb  OLED.o [1]
OLED_WrDat              0x000017fd    0x4a  Code  Gb  OLED.o [1]
Old_CarSpeed            0x1fff668c     0x4  Data  Gb  TASK_process.o [1]
Outside_AngleControlOut
                        0x1fff66e8     0x4  Data  Gb  TASK_process.o [1]
P                       0x1fff0bec    0x10  Data  Gb  sensor.o [1]
PCt_0                   0x1fff6234     0x4  Data  Gb  sensor.o [1]
PCt_1                   0x1fff6238     0x4  Data  Gb  sensor.o [1]
PIT0_IRQHandler         0x0000075d    0x18  Code  Gb  main.o [1]
PIT1_IRQHandler         0x00000775    0x28  Code  Gb  main.o [1]
PORTA_IRQHandler        0x000007a1    0x30  Code  Gb  main.o [1]
PORTX                   0x1fff0ba0    0x14  Data  Gb  MK60_port.o [1]
Pdot                    0x1fff621c    0x10  Data  Gb  sensor.o [1]
Q_angle                 0x1fff0bdc     0x4  Data  Gb  sensor.o [1]
Q_gyro                  0x1fff0be0     0x4  Data  Gb  sensor.o [1]
R_angle                 0x1fff0be4     0x4  Data  Gb  sensor.o [1]
Region$$Table$$Base     0x00009914           --   Gb  - Linker created -
Region$$Table$$Limit    0x00009924           --   Gb  - Linker created -
Reset_Handler           0x00000411          Code  Gb  startup_MK60DZ10.o [1]
RightMotorOut           0x1fff66f4     0x4  Data  Gb  TASK_process.o [1]
RightMotorPulseSigma    0x1fff6756     0x2  Data  Gb  motor_control.o [1]
Right_Motor_Control     0x00001ba1    0x4e  Code  Gb  motor_control.o [1]
SCCB_Ack                0x00005c11    0x3c  Code  Lc  VCAN_SCCB.o [1]
SCCB_GPIO_init          0x00005b57    0x28  Code  Gb  VCAN_SCCB.o [1]
SCCB_NoAck              0x00005c4d    0x3c  Code  Lc  VCAN_SCCB.o [1]
SCCB_ReadByte           0x00005ded    0x2c  Code  Gb  VCAN_SCCB.o [1]
SCCB_ReadByte_one       0x00005e19    0x86  Code  Lc  VCAN_SCCB.o [1]
SCCB_ReceiveByte        0x00005d19    0x54  Code  Lc  VCAN_SCCB.o [1]
SCCB_SendByte           0x00005cd5    0x44  Code  Lc  VCAN_SCCB.o [1]
SCCB_Start              0x00005b7f    0x5e  Code  Lc  VCAN_SCCB.o [1]
SCCB_Stop               0x00005bdd    0x34  Code  Lc  VCAN_SCCB.o [1]
SCCB_WaitAck            0x00005c89    0x4c  Code  Lc  VCAN_SCCB.o [1]
SCCB_WriteByte          0x00005d7d    0x28  Code  Gb  VCAN_SCCB.o [1]
SCCB_WriteByte_one      0x00005da5    0x48  Code  Lc  VCAN_SCCB.o [1]
SCCB_delay              0x00005b3d    0x1a  Code  Lc  VCAN_SCCB.o [1]
SD_DisSelect            0x00002301    0x12  Code  Gb  sdcard.o [1]
SD_Initialize           0x00002383    0xb0  Code  Gb  sdcard.o [1]
SD_OK                   0x1fff6763     0x1  Data  Gb  sdcard.o [1]
SD_SPI_HighSpeed        0x000022f1    0x10  Code  Gb  sdcard.o [1]
SD_SPI_LowSpeed         0x000022e1    0x10  Code  Gb  sdcard.o [1]
SD_SendCmd              0x00002313    0x70  Code  Gb  sdcard.o [1]
SD_Type                 0x1fff6764     0x1  Data  Gb  sdcard.o [1]
SOLGUI_CSR              0x1fff6766     0x1  Data  Gb  SOLGUI_Menu.o [1]
SOLGUI_Clean            0x00001aed    0x16  Code  Gb  SOLGUI_Common.o [1]
SOLGUI_Cursor           0x00005eed   0x2da  Code  Gb  SOLGUI_Widget.o [1]
SOLGUI_DrawPoint        0x00001b03    0x5e  Code  Gb  SOLGUI_Common.o [1]
SOLGUI_GBasic_Line      0x00007141   0x120  Code  Gb  SOLGUI_GBasic.o [1]
SOLGUI_GBasic_Rectangle
                        0x00007261    0xdc  Code  Gb  SOLGUI_GBasic.o [1]
SOLGUI_GRAM             0x1fff6250   0x400  Data  Gb  SOLGUI_Common.o [1]
SOLGUI_GetCurrentKey    0x00002d2f     0x6  Code  Gb  SOLGUI_Menu.o [1]
SOLGUI_Hardware_FillScreen
                        0x00004e8d     0xc  Code  Gb  SOLGUI_Hardware.o [1]
SOLGUI_Hardware_Init    0x00004e85     0x8  Code  Gb  SOLGUI_Hardware.o [1]
SOLGUI_Init             0x00001abd    0x22  Code  Gb  SOLGUI_Common.o [1]
SOLGUI_InputKey         0x00002d21     0xe  Code  Gb  SOLGUI_Menu.o [1]
SOLGUI_Menu_PageStage   0x00002d69    0x50  Code  Gb  SOLGUI_Menu.o [1]
SOLGUI_Menu_SetHomePage
                        0x00002d13     0xe  Code  Gb  SOLGUI_Menu.o [1]
SOLGUI_Menu_Title       0x00002c95    0x7e  Code  Gb  SOLGUI_Menu.o [1]
SOLGUI_PutChar          0x000069bb    0xb6  Code  Gb  SOLGUI_Printf.o [1]
SOLGUI_PutString        0x00006a71    0x4c  Code  Gb  SOLGUI_Printf.o [1]
SOLGUI_Refresh          0x00001adf     0xe  Code  Gb  SOLGUI_Common.o [1]
SOLGUI_SwitchFont       0x0000698d    0x2e  Code  Gb  SOLGUI_Printf.o [1]
SOLGUI_Widget_Button    0x00006871    0xa8  Code  Gb  SOLGUI_Widget.o [1]
SOLGUI_Widget_GotoPage  0x000061d1    0xac  Code  Gb  SOLGUI_Widget.o [1]
SOLGUI_Widget_OptionText
                        0x00006829    0x48  Code  Gb  SOLGUI_Widget.o [1]
SOLGUI_Widget_Spin      0x000062ed   0x53c  Code  Gb  SOLGUI_Widget.o [1]
SOLGUI_Widget_Spin::spin_pos
                        0x1fff6767     0x1  Data  Lc  SOLGUI_Widget.o [1]
SOLGUI_printf           0x0000708d    0x28  Code  Gb  SOLGUI_Printf.o [1]
SPEED_CONTROL_D         0x1fff0c40     0x4  Data  Gb  TASK_process.o [1]
SPEED_CONTROL_I         0x1fff0c3c     0x4  Data  Gb  TASK_process.o [1]
SPEED_CONTROL_P         0x1fff0c38     0x4  Data  Gb  TASK_process.o [1]
SPIN                    0x1fff0bb4     0xc  Data  Gb  MK60_spi.o [1]
SPI_SendReceiveData     0x00002433    0x3a  Code  Gb  sdcard.o [1]
SaveParameter           0x00002803    0xe6  Code  Gb  SOLGUI_Menu.o [1]
Sensor_Offset           0x1fff61c8     0xc  Data  Gb  sensor.o [1]
Sensor_Value            0x1fff61bc     0xc  Data  Gb  sensor.o [1]
SpeedControl            0x000032e5   0x2ac  Code  Gb  TASK_process.o [1]
SpeedControlCount       0x1fff675a     0x2  Data  Gb  TASK_process.o [1]
SpeedControlIntegral    0x1fff6698     0x4  Data  Gb  TASK_process.o [1]
SpeedControlOut         0x1fff66a4     0x4  Data  Gb  TASK_process.o [1]
SpeedControlOutNew      0x1fff66a0     0x4  Data  Gb  TASK_process.o [1]
SpeedControlOutOld      0x1fff669c     0x4  Data  Gb  TASK_process.o [1]
SpeedControlOutput      0x00003595    0x4a  Code  Gb  TASK_process.o [1]
SpeedControlPeriod      0x1fff675c     0x2  Data  Gb  TASK_process.o [1]
String_Angle_D          0x1fff0c48     0x4  Data  Gb  TASK_process.o [1]
String_Angle_I          0x1fff66e0     0x4  Data  Gb  TASK_process.o [1]
String_Angle_P          0x1fff0c44     0x4  Data  Gb  TASK_process.o [1]
String_Gyro_D           0x1fff0c50     0x4  Data  Gb  TASK_process.o [1]
String_Gyro_I           0x1fff66e4     0x4  Data  Gb  TASK_process.o [1]
String_Gyro_P           0x1fff0c4c     0x4  Data  Gb  TASK_process.o [1]
Task_flag               0x1fff6684     0x4  Data  Gb  TASK_process.o [1]
Timercount              0x1fff6758     0x2  Data  Gb  TASK_process.o [1]
UARTN                   0x1fff0bc0    0x18  Data  Gb  MK60_uart.o [1]
UI_Dataview             0x1fff0c14     0xc  Data  Gb  SOLGUI_Menu.o [1]
UI_Debug                0x1fff0c20     0xc  Data  Gb  SOLGUI_Menu.o [1]
UI_List                 0x1fff0bfc     0xc  Data  Gb  SOLGUI_Menu.o [1]
UI_image_show           0x1fff0c08     0xc  Data  Gb  SOLGUI_Menu.o [1]
Write_config            0x0000556b    0x3a  Code  Gb  flashload.o [1]
X_Lastgyro              0x1fff66b8     0x4  Data  Gb  TASK_process.o [1]
X_pre_Lastgyro          0x1fff66b4     0x4  Data  Gb  TASK_process.o [1]
_Font6x8                0x00008cf4   0x350  Data  Gb  Font6x8_ASCII.o [1]
_GenldLargeNoMb         0x00004aaf   0x23e  Code  Lc  xprintflarge_nomb.o [3]
_LdtobLargeNoMb         0x00004831   0x278  Code  Lc  xprintflarge_nomb.o [3]
_LineModes              0x000070b5    0x8c  Code  Gb  SOLGUI_GBasic.o [1]
_LitobLargeNoMb         0x00004727   0x10a  Code  Lc  xprintflarge_nomb.o [3]
_Locale_aeabi_lconv     0x1fff67b8    0x38  Data  Gb  localeconv.o [3]
_Locale_lconv           0x1fff6768    0x50  Data  Gb  localeconv.o [3]
_OptionsDisplay_Judge   0x00005ea1    0x32  Code  Gb  SOLGUI_Widget.o [1]
_OptionsDisplay_coorY   0x00005ed3    0x1a  Code  Gb  SOLGUI_Widget.o [1]
_Pow_10                 0x0000627d    0x5e  Code  Gb  SOLGUI_Widget.o [1]
_PrintfLargeNoMb        0x00004125   0x58e  Code  Gb  xprintflarge_nomb.o [3]
_Prout                  0x00009a1d    0x16  Code  Gb  xprout.o [3]
_PutcharsLargeNoMb      0x00004ced    0x2e  Code  Lc  xprintflarge_nomb.o [3]
_UI_Dataview            0x00002a49    0x60  Code  Gb  SOLGUI_Menu.o [1]
_UI_Debug               0x00002ac9   0x13e  Code  Gb  SOLGUI_Menu.o [1]
_UI_List                0x000028e9    0xb0  Code  Gb  SOLGUI_Menu.o [1]
_UI_image_show          0x00002999    0xb0  Code  Gb  SOLGUI_Menu.o [1]
__BOOT_STACK_ADDRESS {Abs}
                        0x2000fff8          Data  Gb  command line/config [2]
__SOLGUI_printf         0x00006abd   0x5c8  Code  Gb  SOLGUI_Printf.o [1]
__VECTOR_RAM {Abs}      0x1fff0000          Data  Gb  command line/config [2]
__VECTOR_TABLE {Abs}    0x00000000          Data  Gb  command line/config [2]
__aeabi_cdcmple         0x000040c5          Code  Gb  DblCmpLe.o [4]
__aeabi_cdrcmple        0x000040f5          Code  Gb  DblCmpGe.o [4]
__aeabi_d2f             0x00003d8d          Code  Gb  DblToFlt.o [4]
__aeabi_d2iz            0x000054e9          Code  Gb  DblToI32.o [4]
__aeabi_d2uiz           0x00005515          Code  Gb  DblToI32.o [4]
__aeabi_dadd            0x00003ca5          Code  Gb  DblAdd.o [4]
__aeabi_ddiv            0x00003e6d          Code  Gb  DblDiv.o [4]
__aeabi_dmul            0x00003b01          Code  Gb  DblMul.o [4]
__aeabi_dsub            0x00007a71          Code  Gb  DblSub.o [4]
__aeabi_errno_addr      0x00008011     0x6  Code  Gb  errno.o [3]
__aeabi_f2d             0x00003e1d          Code  Gb  FltToDbl.o [4]
__aeabi_i2d             0x00003ad1          Code  Gb  I32ToDbl.o [4]
__aeabi_ldiv0           0x00007f5d          Code  Gb  I64DivZer.o [5]
__aeabi_memset          0x00004e99          Code  Gb  ABImemset.o [5]
__aeabi_ui2d            0x00003ae5          Code  Gb  I32ToDbl.o [4]
__aeabi_uldivmod        0x00007c61          Code  Gb  I64DivMod.o [5]
__cmain                 0x00009981          Code  Gb  cmain.o [5]
__code_start__ {Abs}    0x00000410          Data  Gb  command line/config [2]
__exit                  0x000099b1          Code  Gb  XXexit.o [5]
__iar_Dnorm             0x00007dc7    0x44  Code  Gb  xdnorm.o [4]
__iar_Errno             0x1fff67f0     0x4  Data  Gb  errno.o [3]
__iar_Locale_lconv_init
                        0x00007e0d    0x3a  Code  Gb  localeconv.o [3]
__iar_Memchr            0x00007c09          Code  Gb  memchr.o [5]
__iar_Memset            0x00004e99          Code  Gb  ABImemset.o [5]
__iar_Memset_word       0x00004ea1          Code  Gb  ABImemset.o [5]
__iar_Stdout            0x1fff0cc8    0x40  Data  Gb  xfiles.o [3]
__iar_Strchr            0x00007bf1          Code  Gb  strchr.o [5]
__iar_d2uiz             0x00005521          Code  Gb  DblToI32.o [4]
__iar_dadd              0x00003cb9          Code  Gb  DblAdd.o [4]
__iar_data_init3        0x0000985d    0x28  Code  Gb  data_init.o [5]
__iar_dlib_perthread_access
                        0x00007f5f     0x2  Code  Gb  xtls.o [3]
__iar_dsub              0x00007a85          Code  Gb  DblSub.o [4]
__iar_dsubStart         0x00007a97          Code  Gb  DblSub.o [4]
__iar_edom              0x00008005          Code  Gb  iarEdom.o [5]
__iar_init_vfp          0x000098f1          Code  Gb  fpinit_M.o [4]
__iar_program_start     0x00009ba9          Code  Gb  cstartup_M.o [5]
__iar_ui2d              0x00003ae9          Code  Gb  I32ToDbl.o [4]
__iar_unaligned___aeabi_memcpy
                        0x00007d51          Code  Gb  ABImemcpy_unaligned.o [5]
__iar_unaligned___aeabi_memcpy4
                        0x00007d71          Code  Gb  ABImemcpy_unaligned.o [5]
__iar_unaligned___aeabi_memcpy8
                        0x00007d71          Code  Gb  ABImemcpy_unaligned.o [5]
__iar_xatanf            0x00007f61          Code  Gb  xatanf.o [4]
__iar_zero_init3        0x00009605    0x40  Code  Gb  zero_init3.o [5]
__low_level_init        0x0000999b     0x4  Code  Gb  low_level_init.o [3]
__vector_table          0x00000000   0x410  Data  Gb  vectors.o [1]
_call_main              0x0000998d          Code  Gb  cmain.o [5]
_exit                   0x000099a5          Code  Gb  cexit.o [5]
_fontInfo_6x8           0x1fff0c2c     0x8  Data  Gb  SOLGUI_Printf.o [1]
_key_cache              0x1fff6654     0x8  Data  Gb  SOLGUI_Menu.o [1]
_main                   0x00009997          Code  Gb  cmain.o [5]
abs                     0x00007ef9     0x8  Code  Gb  abs.o [3]
angle                   0x1fff6214     0x4  Data  Gb  sensor.o [1]
angle_dot               0x1fff6218     0x4  Data  Gb  sensor.o [1]
angle_err               0x1fff6230     0x4  Data  Gb  sensor.o [1]
asinf                   0x00007f01          Code  Gb  asinf.o [4]
assert_failed           0x00004d5b    0x26  Code  Gb  MK60_conf.o [1]
bus_clk_khz             0x1fff6680     0x4  Data  Gb  system_MK60DZ10.o [1]
changemap               0x000007d9    0x64  Code  Gb  main.o [1]
common_startup          0x00009473    0x98  Code  Gb  system_MK60DZ10.o [1]
core_clk_khz            0x1fff6678     0x4  Data  Gb  system_MK60DZ10.o [1]
core_clk_mhz            0x1fff667c     0x4  Data  Gb  system_MK60DZ10.o [1]
cur_key                 0x1fff6765     0x1  Data  Gb  SOLGUI_Menu.o [1]
current_page            0x1fff6650     0x4  Data  Gb  SOLGUI_Menu.o [1]
cursor                  0x1fff0c34     0x4  Data  Gb  SOLGUI_Widget.o [1]
cursor_reg              0x1fff665c     0xc  Data  Gb  SOLGUI_Widget.o [1]
default_isr             0x00004e2f    0x34  Code  Gb  MK60_conf.o [1]
div                     0x00007e79     0xe  Code  Gb  div.o [3]
dma_gpio_input_init     0x000058f9    0x60  Code  Lc  MK60_dma.o [1]
dma_portx2buff_init     0x00005959   0x1b0  Code  Gb  MK60_dma.o [1]
drawedge                0x00002789    0x40  Code  Gb  SOLGUI_Menu.o [1]
dt                      0x1fff0be8     0x4  Data  Gb  sensor.o [1]
edge_offsetl            0x1fff5fa4     0x4  Data  Gb  main.o [1]
edge_offsetr            0x1fff5fa8     0x4  Data  Gb  main.o [1]
edgel                   0x1fff5fbc    0xf0  Data  Gb  main.o [1]
edger                   0x1fff60ac    0xf0  Data  Gb  main.o [1]
exit                    0x0000999f     0x4  Code  Gb  exit.o [3]
flash_cmd               0x1fff0d1d    0x20  Code  Gb  MK60_flash.o [1]
flash_erase_sector      0x1fff0d61    0x5c  Code  Gb  MK60_flash.o [1]
flash_init              0x1fff0d3d    0x24  Code  Gb  MK60_flash.o [1]
flash_write             0x1fff0dbd    0xb4  Code  Gb  MK60_flash.o [1]
fputc                   0x00004d81    0x14  Code  Gb  MK60_conf.o [1]
ftm_mod                 0x1fff61ac    0x10  Data  Lc  MK60_ftm.o [1]
ftm_pwm_duty            0x0000525b   0x11a  Code  Gb  MK60_ftm.o [1]
ftm_pwm_init            0x000050ad   0x1ae  Code  Gb  MK60_ftm.o [1]
ftm_quad_clean          0x000054a7    0x28  Code  Gb  MK60_ftm.o [1]
ftm_quad_get            0x0000547b    0x2c  Code  Gb  MK60_ftm.o [1]
ftm_quad_init           0x00005375   0x106  Code  Gb  MK60_ftm.o [1]
gpio_get                0x00001755    0x3a  Code  Gb  MK60_gpio.o [1]
gpio_init               0x000015fd    0xae  Code  Gb  MK60_gpio.o [1]
gpio_set                0x000016ab    0x72  Code  Gb  MK60_gpio.o [1]
gpio_turn               0x0000171d    0x38  Code  Gb  MK60_gpio.o [1]
image_handler           0x000008a5   0xb32  Code  Gb  main.o [1]
imgbuff                 0x1fff0f4c   0x258  Data  Gb  main.o [1]
k1                      0x1fff61a4     0x4  Data  Gb  main.o [1]
k2                      0x1fff61a8     0x4  Data  Gb  main.o [1]
key_check               0x000015cd    0x2a  Code  Gb  VCAN_key.o [1]
key_get                 0x000015b3    0x1a  Code  Gb  VCAN_key.o [1]
key_init                0x00001561    0x52  Code  Gb  VCAN_key.o [1]
key_scan                0x00000703    0x5a  Code  Gb  main.o [1]
key_value               0x1fff6762     0x1  Data  Gb  main.o [1]
led_init                0x00007e89    0x3a  Code  Gb  VCAN_LED.o [1]
led_turn                0x00007ec3    0x32  Code  Gb  VCAN_LED.o [1]
lnum                    0x1fff5fac     0x4  Data  Gb  main.o [1]
load_config             0x00005549    0x22  Code  Gb  flashload.o [1]
localeconv              0x00007e47    0x16  Code  Gb  localeconv.o [3]
lookmap                 0x000027c9    0x3a  Code  Gb  SOLGUI_Menu.o [1]
main                    0x00000485   0x27e  Code  Gb  main.o [1]
map                     0x1fff11c8  0x4b00  Data  Gb  main.o [1]
mcg_cfg                 0x1fff0b44    0x58  Data  Gb  MK60_mcg.o [1]
mcg_div                 0x1fff0b9c     0x4  Data  Gb  MK60_mcg.o [1]
mcg_div_count           0x00008921   0x304  Code  Gb  MK60_mcg.o [1]
memchr                  0x00007c09          Code  Gb  memchr.o [5]
mma_delay               0x00002137    0x18  Code  Gb  MMA8451.o [1]
mma_switch              0x00001fa7    0x7c  Code  Gb  MMA8451.o [1]
mnum                    0x1fff5fb4     0x4  Data  Gb  main.o [1]
my_cnf                  0x1fff0efc    0x50  Data  Gb  flashload.o [1]
nops                    0x00001c81    0x22  Code  Gb  IMU_IIC.o [1]
obuf                    0x1fff6704    0x50  Data  Lc  xfiles.o [3]
option_enable_list      0x1fff6668    0x10  Data  Gb  SOLGUI_Widget.o [1]
ov7725_eagle_cfgnum     0x1fff0d0a     0x1  Data  Gb  VCAN_OV7725_Eagle.o [1]
ov7725_eagle_dma        0x00002569    0x14  Code  Gb  VCAN_OV7725_Eagle.o [1]
ov7725_eagle_get_img    0x0000257d    0x42  Code  Gb  VCAN_OV7725_Eagle.o [1]
ov7725_eagle_img_buff   0x1fff6700     0x4  Data  Gb  VCAN_OV7725_Eagle.o [1]
ov7725_eagle_img_flag   0x1fff0d09     0x1  Data  Gb  VCAN_OV7725_Eagle.o [1]
ov7725_eagle_init       0x000024b1    0x18  Code  Gb  VCAN_OV7725_Eagle.o [1]
ov7725_eagle_port_init  0x000024c9    0x54  Code  Lc  VCAN_OV7725_Eagle.o [1]
ov7725_eagle_reg        0x1fff0c64    0x64  Data  Gb  VCAN_OV7725_Eagle.o [1]
ov7725_eagle_reg_init   0x000025bf    0xb2  Code  Lc  VCAN_OV7725_Eagle.o [1]
ov7725_eagle_vsync      0x0000251d    0x4c  Code  Gb  VCAN_OV7725_Eagle.o [1]
parameter_init          0x00002209    0xd8  Code  Gb  parameter.o [1]
pic_choose              0x1fff0d08     0x1  Data  Gb  SOLGUI_Menu.o [1]
pit_init                0x0000270d    0x6c  Code  Gb  MK60_PIT.o [1]
pixelC_HW_OLED_FillScreen
                        0x00001a81    0x3a  Code  Gb  OLED.o [1]
pll_init                0x00008c25    0xb2  Code  Gb  MK60_mcg.o [1]
point_center            0x1fff6210     0x4  Data  Gb  sensor.o [1]
port_init               0x00002151    0x48  Code  Gb  MK60_port.o [1]
port_init_NoALT         0x00002199    0x66  Code  Gb  MK60_port.o [1]
power                   0x1fff0410     0x4  Data  Gb  main.o [1]
pre_Lastgyro            0x1fff6208     0x4  Data  Gb  sensor.o [1]
printf                  0x0000153d    0x24  Code  Gb  printf.o [3]
putchar                 0x00009a35     0xc  Code  Gb  putchar.o [3]
q_bias                  0x1fff622c     0x4  Data  Gb  sensor.o [1]
read_byte               0x00001daf    0x68  Code  Gb  IMU_IIC.o [1]
rnum                    0x1fff5fb0     0x4  Data  Gb  main.o [1]
send_byte               0x00001d3f    0x70  Code  Gb  IMU_IIC.o [1]
set_sys_dividers        0x1fff0ead    0x50  Code  Gb  MK60_mcg.o [1]
set_vector_handler      0x000026df    0x22  Code  Gb  misc.o [1]
size                    0x1fff0414     0x4  Data  Gb  main.o [1]
spi_init                0x000055a9   0x32c  Code  Gb  MK60_spi.o [1]
start                   0x00009415    0x22  Code  Gb  system_MK60DZ10.o [1]
start_check             0x00004d95    0x9a  Code  Gb  MK60_conf.o [1]
strchr                  0x00007bf1          Code  Gb  strchr.o [5]
strlen                  0x00006955          Code  Gb  strlen.o [5]
sysinit                 0x00009437    0x3c  Code  Gb  system_MK60DZ10.o [1]
systick_delay           0x00001799    0x36  Code  Gb  MK60_SysTick.o [1]
systick_delay_ms        0x000017cf    0x18  Code  Gb  MK60_SysTick.o [1]
t_0                     0x1fff6248     0x4  Data  Gb  sensor.o [1]
t_1                     0x1fff624c     0x4  Data  Gb  sensor.o [1]
tly_delay               0x00001f37    0x18  Code  Gb  MPU3050.o [1]
turn_offset             0x1fff5db8     0x4  Data  Gb  main.o [1]
turn_power              0x1fff11c4     0x4  Data  Gb  main.o [1]
uart_init               0x0000733d   0x214  Code  Gb  MK60_uart.o [1]
uart_putbuff            0x0000756b    0x26  Code  Gb  MK60_uart.o [1]
uart_putchar            0x00007551    0x1a  Code  Gb  MK60_uart.o [1]
vcan_send_buff          0x1fff11a4    0x20  Data  Gb  main.o [1]
vcan_sendware           0x00002ea5    0x38  Code  Gb  VCAN_computer.o [1]
vector_str              0x1fff0418   0x708  Data  Gb  MK60_conf.o [1]
wdog_disable            0x00009545    0x16  Code  Gb  MK60_wdog.o [1]
wdog_unlock             0x0000955b    0x20  Code  Lc  MK60_wdog.o [1]
weight                  0x1fff5cc8    0xf0  Data  Gb  main.o [1]
write_vtor              0x000026bd    0x22  Code  Gb  misc.o [1]
x                       0x1fff5fb8     0x4  Data  Gb  main.o [1]
xl                      0x1fff5dbc    0xf0  Data  Gb  main.o [1]
yl                      0x1fff5eb4    0xf0  Data  Gb  main.o [1]


[1] = E:\_27_第十二届智能车\Intelligent_Car\Prj\IAR\FN15_Debug\Obj
[2] = command line
[3] = dl7M_tlf.a
[4] = m7M_tls.a
[5] = rt7M_tl.a

  33 353 bytes of readonly  code memory
     496 bytes of readwrite code memory
   6 755 bytes of readonly  data memory
  25 075 bytes of readwrite data memory

Errors: none
Warnings: none
